====================================================================
=                     Revision                     = Lines Changed =
====================================================================
=     cbb259caaf2cabf9bedc35fd41ba84f048a3de0f     =     48060     =
=     316fae2a948afc1eb3a6d3d8b294156c011df133     =     48060     =
=     a773b52a61bb269e75ebbac01cfca9ebcb6c78b9     =     48064     =
=     6b2ebe4332e22b4eb7dd6fadf418e3da7b926ca4     =     48065     =
=     f9eca34c22a0fdb88dbc37983b1a04612548aafe     =     48066     =
=     21b80f9a1246e4af099ed580f1c352ed5bde87cb     =     48066     =
=     dba317774555fbd5bccdfc5270fc486e0d02d9db     =     48066     =
=     72e9be3d083d8cc39ea5322409f14832b674364d     =     48067     =
=     d99d0d96a70faad1bcc8ba95eb3bcf8a4f3fc9a8     =     48067     =
=     f2adbd85ddb86e508efe84a85fb7a01aad4ea47a     =     48073     =
=     1288f26fb9c3cfe6c5919b706e30d3f0b2d55b0b     =     48073     =
=     71a04cfca03bf6d5a93ad3ffd23e0fb9e0da2919     =     48075     =
=     eaa7e483c509d46f455a9deb148bfaf34a8fcbe3     =     48075     =
=     ce192ebed0f5445076996b46c279a1499fdc8948     =     48075     =
=     aa474d1fb172aabb29dad04cb6aaeca601a4378c     =     48076     =
=     380f18ed5f140e0ae1b68f3ab8f4f7c395658d9e     =     48077     =
=     3ba84717a0ac76785935efcca50ab80e1e2f5564     =     48083     =
=     7253fd550c768979ecd3df8f4dbbedd6e9dd76b0     =     48177     =
=     27f172d9a3f3ec9901439b4823c95788598fa367     =     48178     =
=     f3f1cf8444f439c0be9de04bf3821a20d00fd956     =     48179     =
=     0f53f939a10ad9eeee555dc235936e515118f216     =     48179     =
=     d33def662443c4b534c6b261a3b01f3960339c78     =     48187     =
=     f672aee49450e03e7b1a26c8701d0be720e9ae0e     =     48187     =
=     0fc32b0718ec210e03b6d8623d4819ed04615a1b     =     48188     =
=     302f75887e52bbe0ab7a5806335a0a1264323b07     =     48190     =
=     a4625290c37193f77a04e73899e1c2fe176c4991     =     48191     =
=     e09621ff57f6965d30cc2d6b5045f93906d656a0     =     48191     =
=     05c7b1631b4f6884b9ef5f0943a3d16d36383f52     =     48194     =
=     22e3dcb7808bb06cd18c3231e34a5930e796cc48     =     48201     =
=     e314c340736830a6fc0260cf72cc51ea0c227e9d     =     48205     =
=     e634b448c3113545ff5f9a70e74a0ce694a00e77     =     48209     =
=     2c90015c06ac7b49eace0683c483b70e55bc91ba     =     48211     =
=     c4fb3b3942598fe7a2bed06710ed6e30e4f6f419     =     48213     =
=     c2bbf058736b8cb5b32e78a50d1410fa34cc8284     =     48213     =
=     c35f5c3d3a557288b6c7dcaa17dbbc5916e3e263     =     48213     =
=     411abf2dd37974a5baa54859c1abcd287b3c1181     =     48359     =
=     c5e0c5404708939a3bed317366367d9898960598     =     48368     =
=     63c75cd688352b83afd7f874b89139e282647046     =     48369     =
=     4a640fb6c395302d7aad22833d573c44211b0a2d     =     48369     =
=     62d0577e0d5e3703436d0fba362d516481291810     =     48382     =
=     2a056de832a62f9c6da67779f3764f004df6fdb0     =     48385     =
=     e6b5c341b94d357b0158ad74b12edd51399a4b87     =     48387     =
=     8baf9968dfd8ef2bc20cf2bf3de09304eb2213c5     =     48390     =
=     26a884c217b4868ddc7cd2c2006e12a6bd6a7950     =     48392     =
=     83b06347023a573433b6aa23c8042f89df869f9e     =     48399     =
=     480d33237df3894ea8df6f2a2e2076fa30efb205     =     48400     =
=     89d6aa10a24c0d5195e5a4c21f99919c53fe69ac     =     48400     =
=     cf926b4563165c92b09ec7854d054e618b80de4c     =     48405     =
=     512fdfdf7f005cdf1ff96bb0682f853be5dabe05     =     48405     =
=     4b1fa408b299ed19edba0828109ed93ac1d5322f     =     48407     =
=     3dcb9e4e0fb8d6ee373c44013141452e79da30cc     =     48418     =
=     dbc8541b86aee7b6e13e2208545fe625fc13cd7b     =     48419     =
=     e79f877333dcdc2ca51442d8339253e29c31a0d6     =     48419     =
=     bdb1d0c24b3df3e2253cd8289cd619093524464e     =     48421     =
=     917c343ef8495ccb32cfc2fe7e42c57914e40061     =     48423     =
=     03f887ca1213744e2da3ec50f46d9fe3bc269510     =     48423     =
=     ff4b7fafb315df5f8374e9b50c302460e068f188     =     48424     =
=     0ce56222d803c73fb621bf2539eedf945e7c3ebf     =     48425     =
=     5482dac9f4de7eb73d1b9c776be9495735f7e299     =     48428     =
=     7984f082d5045b3a44839b74e4c72877b71ca48f     =     48435     =
=     3aef36ffef89849348049296892327e6fdf9d705     =     48435     =
=     c60ebfdc0860458e2a24d86760a7d686cfe1f995     =     48436     =
=     bd31d02e412f80f53073a1eb776dffe06ac91746     =     48436     =
=     d94a1a706589414f705bb459ec983a722c060236     =     48436     =
=     555b66e45abb5030ce6bd5d3db8dccfba854e330     =     48436     =
=     6f84b383d3c19a1993f08cdfa9a23d7649161823     =     48436     =
=     3a4e9367d83a43f0d1c5b5eab4396c4b05df1a6b     =     48437     =
=     47153c72536a53ecd8f428444b953db0631acc9b     =     48438     =
=     0423f812dc61f70c6ae6643191259ca9e5692c7f     =     48440     =
=     8e237299b0357091dae8e7175cbfa11f4fbc98c7     =     48442     =
=     899cf48f17ba95a7bd986bbeffeebf9a1d9fd3fb     =     48443     =
=     e84193e43dbd3da23845ef9fcfcb5e364049a396     =     48446     =
=     4b0555ec9d322abec2ddf769387e1228dc9a440b     =     48449     =
=     a8d177acf0bbb4da4d7c2d9dd4c645d447f8da75     =     48449     =
=     8d35ceb98f3dbd55cf55edc3d2a814d0dd6d520d     =     48449     =
=     ba1516987af653a88364f742c62c2bad366f3416     =     48449     =
=     9e5cd4bac777e27ebcdc9aa411f0a63c27500468     =     48449     =
=     1db3107ada6a93140b6b7deb59346b1c14e0adb8     =     48450     =
=     b6453a68bbb34c901a2eaf24012d0a3afcbf52ff     =     48451     =
=     0cea8832df37d8fd3e664caec8abbdaa002122b1     =     48452     =
=     c2e27310c790c0dd2f87dd420e65e0cca522ddb2     =     48455     =
=     b32166b4fabd2a3aeec382521b0173b24a5d7c02     =     48457     =
=     8106cb8b6d706079cbcabd4631f05e4526a316e1     =     48457     =
=     aea145e3992aae298c63d4c7a1d5aec76883a50e     =     48460     =
=     4e482ae6ff62dd992354cad61dd3d81d55b6e204     =     48461     =
=     ff75a25749c7fceaff7503af6f09d4299a052996     =     48478     =
=     3aeb93486588e7dd01379c50b8fd496d55cf8858     =     48508     =
=     fa8edbbd59dd2ea04e6b6ebaefc1be72c9fd7ba4     =     48510     =
=     7bb196a71adef8440b6152b6174651a9c25588f1     =     48510     =
=     77f31b3a8a7a2c3ee5a3a4da9843b4b224b32300     =     48528     =
=     c3be59a47cdb959e9bfc33880dc29b7b66334747     =     48528     =
=     64c711cd0e8c0d79f41563e84ee8c0710b4e78d8     =     48529     =
=     f820b79248140419c1c2ced9873aa1d78b665a76     =     48530     =
=     6ac11bd0b9252e4cf53cb0b914db98b401779c15     =     48530     =
=     0c1badc8af7b92170fbb23be8119072facfdad07     =     48533     =
=     1eff3485b63f84956b5f212aa4d853783bf6c8b5     =     48535     =
=     d594199bb47362306060db0e185582ffcfd7b6a6     =     48535     =
=     98186eb4e4aef6262ed6b0f499348defa2c26893     =     48535     =
=     a8eda4312db1f98cffda38670e2d40d36566785a     =     48537     =
=     928623825cc59e272e2031cd3f07c5b7bbd605d4     =     48538     =
=     ebd8df0ed8a2f39a63662a5246df9e00e240efec     =     48551     =
=     bbd86bf5424a611cb6b77a3a17fc522931c4dcb8     =     48551     =
=     a8eba56ef62af2f9a5b46825c994665cd3789c2e     =     48552     =
=     4a1f3f274108e25b97bd9870170fe2970892e155     =     48552     =
=     858857157290dd35145b14044ae96be9cd8eb0df     =     48554     =
=     170b735820ac6a3857733fccf889cde9d723ddc8     =     48556     =
=     cf2cede4a75f5e269f791bf1dcc029bba8c1f689     =     48563     =
=     8c6afbc55cc8e2d036c0af5adbaff82d8117c6b2     =     48650     =
=     9716b0b9deb68ffe268235841eba80ea4e31a9d0     =     48698     =
=     769adcfe8b27d696d3e221427d82f365919917a8     =     48700     =
=     94af0cd7f3a8130bbc23feb743b176a74eec7e10     =     48700     =
=     8ab31975bacb9c907261088937d3aa4102e3af84     =     48702     =
=     0daccd4dc1f1ac62181738a91714f35472e50f3c     =     48723     =
=     be2e334fce734e726a4085701bc3cbbaabf9d893     =     48723     =
=     b69817449315f3818a8472468b3328ea755819db     =     48728     =
=     33cc5dde478ba5ad79f8fd4acd8737f0e60e236e     =     48728     =
=     85a4807f94580b9b666b3e24fff5752515470b1c     =     48731     =
=     b5c5a9714197186013a181e8bfb829a2d24f8b04     =     48736     =
=     9ab6fc5936be62f6fee1c433938eae4c89aa23da     =     48736     =
=     dc193c9c5e914c74fd0f51fe4fe86fbd5910536e     =     48736     =
=     a18a31e49d266b687f425c3c434a5aef1f719e38     =     48738     =
=     7d054e5ab2aeaead14c0c19b808d62221020b0e1     =     48742     =
=     e2285d878d28f55bffc731a34389a2ea91de779f     =     48743     =
=     e9b1c42f753fcb90eee70a12b0ac832951d7ac0b     =     48744     =
=     99119000add47e4d1d9241f4e76f57d98439a766     =     48747     =
=     83f0e802abf4e3f9b4f3e815cf81c41637cb79f1     =     48747     =
=     0c452abc162d348876e136979230a06d0d83641b     =     48751     =
=     28a0841bf58e3813b2e07ad22f19484308e2f70a     =     48766     =
=     3e30fa0a6df46b39e0c69b3ab8f9d1c03cab2012     =     48767     =
=     062178678f5374b09f00d70796f6e692e8775aca     =     48769     =
=     349807608f31b20af01a342d0072bb92e0b036e2     =     48773     =
=     83be2778fe11ede4cd065a136c686fe664c212a2     =     48774     =
=     3e9e810f2e047effb1056211794d2d12ec2b04e7     =     48774     =
=     d20a161f46f0e3bf6b53235d51a3b0e23794e6a5     =     48774     =
=     3444c36ab489b7084832254723a356e3c2eb023a     =     48779     =
=     3538c7da3d53dca70be5f507376299843046d2b7     =     48779     =
=     cb389fe80462e20daba30835a9e86354451bd14f     =     48780     =
=     41a28cb2944a4e1c9d13889757a3bd9f72abeca1     =     48780     =
=     b128abc3437600c3143cb2145185ab87ba3156a2     =     48780     =
=     aea6116146ef462d11950ebf701e0f56a38b3d75     =     48781     =
=     756eff7a31b5b46577e8529645b254ccc256a8ae     =     48783     =
=     7ab507495b86371756575d606af556b4fd74e27a     =     48784     =
=     98ab57644f44d2d83595c2d0f69138a284d6096b     =     48786     =
=     13c9bb3ecec5f847b4c5295249e039d386e2d10e     =     48788     =
=     32ec41539b5b23bc42503589fcc5be65d648d1f5     =     48789     =
=     aacfb134be2a88211b79dc53bb5bd0e422dbb60d     =     48794     =
=     addaf977e2ddc7c8e8df8931a3091035cdf70052     =     48798     =
=     e36827f6d10ed64abb1b374b6f11b79225d04205     =     48801     =
=     60b3d36df3625fad66b53ccc32dc31818cf3048e     =     48802     =
=     d33b215b331116e50947ca7e75d210e1db39b78d     =     48813     =
=     cde052f59c903af0097ec06c873ab9a6eda05f2b     =     48814     =
=     2eb264a14b93b277269b1f3311925d550d5de580     =     48816     =
=     167f6c93b00e1184b89d6a5c7a1ed22dbab03c68     =     48816     =
=     857048a7f339913fc4e510ddf033878850c655cd     =     48819     =
=     2fcff74c879c3ff5bcbf11390daf37442cb6aa0c     =     48827     =
=     4f1374e60566c0a6ca6b82e4c0f90f461215b8d6     =     48828     =
=     d45ba43dab962bdc84158efc0cdddd5f5a08cf5e     =     48829     =
=     c1a623c55ad4b9e184438653d55f7853ee48ba29     =     48835     =
=     a3680c8f9c33d4190c367572645980ccdb9d5bbf     =     48837     =
=     417be660e1cd21a2ee085569ff98b0c4249b5416     =     48838     =
=     52f5926c3c07cd5ffdf4dfe2cc6719c64c41aafa     =     48843     =
=     c292b105b1d0a627091480d3e4f6122b22a46385     =     48847     =
=     54dbf42398e23349b59f258a3dd60387bbc5ba13     =     48848     =
=     6c5b6cb035666d46495ccbe4a4f3d5e3a659cd40     =     48848     =
=     92d23b339c631bca2cf12a47e05f13772f9868a0     =     48849     =
=     db922318b3470db8629979f24d4f0f82e9561190     =     48849     =
=     667867cced0013c1cfd8d7a9efa43b8f2cebc942     =     48849     =
=     5b70372d5d26bc06a501b48caba2be9d59e855e4     =     48851     =
=     a930afb6986fb8e22a59b2bfc5f1a19a8dc3388d     =     48851     =
=     ed29e82adeea9d2ee89aeadf5646d4d1350a6855     =     48851     =
=     691064c47fd6a7d11189df00a0d1b94d8051cbe0     =     48853     =
=     b9bd7b06cc409e96ceb7606a79a7f5900aa696fe     =     48853     =
=     a95fb9e35824b479ee208c504fc3824827b3fdcd     =     48853     =
=     15457b620397d7fd671df6eea8055a18baf68699     =     48854     =
=     6cba4a66619dfb2c5cb784fe5aa5677cafbf9a33     =     48854     =
=     ac38115c1a4fb61c66c2a8cd2a9800751828d328     =     48857     =
=     c5f2810581380bc248279207a4c58a126047acd8     =     48858     =
=     96b96d6c456befe49d5845a029e2bb0a4addc58d     =     48861     =
=     4e3925227a65ade92f3052ee54a810f5d6c4e96e     =     48862     =
=     e481f9b90b164fd1053015d1c4e0a0d92076d7a8     =     48862     =
=     98ee75439d7e844de6c063a4be5bd09b3cc9db53     =     48863     =
=     7cc18d8158b5fc2676393d99b51c30c135502107     =     48865     =
=     fef034f85ea8b533423d4102cb8f83ef0ac24154     =     48867     =
=     d9f777267409a064ee0931b69425009a79771278     =     48868     =
=     6355d31538fb3d50ba34210e6514cfac1c627243     =     48870     =
=     831eef2cf500b8a2aaee21b44986c79e62bae912     =     48871     =
=     858618e7e037559b75b0bfca4d30440f9515b888     =     48875     =
=     e98aa30d555cb5a656d320a0f86ab5b3b1dce2db     =     48875     =
=     bca3f06b84de3c0b428724ac535995064c54aee3     =     48877     =
=     f989cd8c0bb3c579d112294bf8e304647b334ee8     =     48878     =
=     d102d9df8625cb6f75c537b7f2a696bb5f305ff2     =     48878     =
=     98ece4eebfb6cd45cc8d550c6ac0022965071afc     =     48878     =
=     d9f1c639d5162617ab0aeec23865771dc4fbcbcd     =     48878     =
=     6b8f5d0d4379c2c366c3d07e4cdbb6145abc76d1     =     48878     =
=     f75200115d1a778c39c8a8850823928d8be1f8ac     =     48879     =
=     c74471d293c3fef2d3d1cc3eb20e092f167ccdf9     =     48880     =
=     d188a53617de68a707fe9459d4f4245d9a57cd9c     =     48880     =
=     817cd0d52f0462039d1fe60462150be7f59d2002     =     48880     =
=     e1d9f1ab39eeab0c3c2b9415e0aaaa8c05858f77     =     48880     =
=     7b8e12d24eea68017ce96b0faf79d12f3c3ba9f1     =     48881     =
=     dad78fb13d790cd06afd6e88067c038d22d7780f     =     48881     =
=     8509dcc9f319190c565ab6baad7c88d37a951d1c     =     48882     =
=     44ab2dfdf9dc519e6d081646119bdda3ddfd9e85     =     48882     =
=     49580f25b3e6239a277c9fc2708c0354f419ec17     =     48882     =
=     da15ce2212ffcba0a1fa7263ebd1b434dd60d040     =     48884     =
=     3f131556d6678bc3754f1e6d98a9a5bfc24e368c     =     48884     =
=     c86d1f19fc69adacdd8d5955193330e18a0c7ebb     =     48885     =
=     43e5faa2539ae8aae6ef55be2239b9b1a77fea45     =     48889     =
=     26c255fcf875d0272349c1221780dcd7e67b5d61     =     48890     =
=     cf2413955cafcfe98d8292f996a87ef55b777caa     =     48910     =
=     d810700b80104c349244221af9ce794294b8aeb3     =     48912     =
=     eac84e8127154fc4c19d1602e3f1df985ed77eff     =     48916     =
=     14db9bbd710ac8aaaee89280e9b5ffb5afedb712     =     48916     =
=     9ddff1e83c4240b52c0e920f0372d3fb972362c2     =     48918     =
=     7fc7d1a7bdeda7e448c13e6fecce96a53b7a62d2     =     48919     =
=     3418f7b7b01139dbf4a72d2bc71135d918d4cf11     =     48921     =
=     8fbb93d0e24da283a21bb48c4361e20a17bba955     =     48926     =
=     2e52e7df518d80188c865ea3f7bb3526d14b0c08     =     48926     =
=     21b908a8f95a4b2e095c64876c6991020e6c099e     =     48929     =
=     12d2d2818566561cbdda82a6ad1b3aab687fc020     =     48929     =
=     70073f3e3aeb3b7dd15f20b557a8340a197d976e     =     48929     =
=     5da65ef23ce30285e87652469298ce6513560032     =     48930     =
=     c0cf5b84dd32480965da7ff1e11d11a1ec9c4662     =     48930     =
=     8c92c4eac091e1a588a980514e7f5fd2a517fefc     =     48931     =
=     26c79d5641dcc85c666e0594c11663c00ec6c195     =     48932     =
=     51b04a6117510d8a771f619cb419985f4dec32bb     =     48933     =
=     8eed7e873bb54ab46b15e6efa3aff416e02f4d7f     =     48934     =
=     16203f7b71bd343550f89f266eaf9fb9693f6148     =     48934     =
=     0b1a07c8a70486534526d8967f03e32806da5661     =     48936     =
=     3edeb622ba9b01f8d4ac7b1a08ac0f0fa8a27c67     =     48936     =
=     895c2f84a6a083fc8b9f69f962ed19da12ce3b40     =     48937     =
=     b8b12aadd8edfd3bd327157c8899b1cf3403177f     =     48937     =
=     0d4fb8439092ff8253af72ac6bc193e77ebbcf2f     =     48938     =
=     30cf91784bfde82622f79d87d17d20ce73329532     =     48938     =
=     4b464e7b46682f568a5df550426b0cf4b22e2485     =     48938     =
=     4e727a8d876086096b4922c965493f24fdf23e24     =     48939     =
=     f0e0fd51fd8307f6eae64862ad9aaea113f1177a     =     48939     =
=     b577fd0b81562ab97cf992bfffbdaf531e0d1d8c     =     48939     =
=     64f9f40696f993406e53c16d7c9d815004afd8ad     =     48939     =
=     7d1d48a2d0a08567f5c8e14d50d89a9b47c02f1d     =     48939     =
=     a8e4ac6a2fe67c19672ecf0c6aeafa15801ce3a5     =     48939     =
=     d32f5d8733df9938727710d4194e92813c421ef1     =     48940     =
=     4dba585f79725d7a5a8ccc7b7623782773ea53bd     =     48940     =
=     be1251f73def8169b98d53430b631df13d430dbc     =     48940     =
=     a40d594984f774e8563f3d932807a07c5548b181     =     48940     =
=     54c38b7f0dda668be82199b4e4aa56c1f6afe3ea     =     48940     =
=     696178edff89f8df0382af0edbd0f723790a86cc     =     48940     =
=     57787ac81444938a876f185cdd73875c8f53e208     =     48941     =
=     0096d8f7e01d2c0616f9a916145b62a2d8d7acdf     =     48944     =
=     7e5363abe3c00d9db037f464f3c121e194bb5bb6     =     48945     =
=     706a13f112d864b42f28a59f4a207e296fa1be08     =     48947     =
=     9471f7760dcc81fe6995f016fc7120db0c678818     =     48949     =
=     c001ce33137993a0c4ff15060ed1639826bfca0b     =     48949     =
=     41cfbccc99f3ca3c9f656d8c71e2db5bcfcf6817     =     48950     =
=     1387a2ecb8f4eecb407952f56eafcce10ab68cb0     =     48950     =
=     040d43b3ff8daca32dd0f72155f668249506b51b     =     48951     =
=     9b398ef297dd1b74527dd0afee9f59cd3f5bc33d     =     48951     =
=     3ec13237f00d3b06a2fd1d228da16390803eb238     =     48952     =
=     b11836a63a8973c2b61f8ccd10a085361bced2ea     =     48953     =
=     e4646a8963fa6bc6f475afe7a9b9a46b151cfd1a     =     48953     =
=     60b350a3ef9620866a43358ecd1874c6fc482d9c     =     48953     =
=     03273d61e742b02485831ce739e4a6c9b197e3f3     =     48953     =
=     fb46be034816e5fe9f04fd39da960d34dbf2f52d     =     48953     =
=     6d5667110a6844640af4c7a9cb91b0cffa297ce7     =     48959     =
=     0bc2f365558ed5980ce87d6b2704ca8649ca2a4a     =     48961     =
=     2b8fa1d56cd3a41d666994a1b2ed9df0f5e5d1ec     =     48963     =
=     1fc7d6664a3d118f9d5de217c9ffd154ed9ddb6f     =     48963     =
=     9fc65806d5c879ffa9ada4941f11e82c21cb3dd2     =     48964     =
=     124037fdc0571b5bd9022412348e9979a1726a31     =     48964     =
=     29f082603a14bd8d6816a71a17f7c76adca7817d     =     48965     =
=     74924dcb3802640d7e2ae2e80ca6515d0a53de7a     =     48965     =
=     c0a445a9f279d8c4a519b58e52a50112f2341070     =     48966     =
=     dd60efea955e41a6f0926f93ec1503c6f83c4e58     =     48967     =
=     599eccfcbf8d77eb7c89b6338fdc39a7531a9f82     =     48970     =
=     57b272b01a9843c7e034feba7bfde5eaecc8bdb0     =     48970     =
=     e8503762da9df43a414fc5d6c2d0399779f0ff33     =     48971     =
=     0dc41520f2af4bf5493879864303c858feac4573     =     48971     =
=     851fdda1a1952e482fc3f5f1c7c3acdff132bbae     =     48971     =
=     7f3f41d816bb80e362a5978420f59030b3132c81     =     48971     =
=     547dba74f3c07a5d3bdac3e6436207061d781118     =     48972     =
=     1e1b48d151a9e87592e3ba9303031c5ec0ebec8f     =     48973     =
=     f40ecbc37c4be64eb4203792a55b2ecaebe83cf7     =     48975     =
=     116503cd51aa3195ce16a82ce9b789abe58a8928     =     48978     =
=     293042c9d9411bd785d3f951ffe02ff6573e4854     =     48979     =
=     680ddc996b603c5f064f8047e05cf5cc0d61b735     =     48981     =
=     49e5db0b313c36c59a943750d9192310ad7f5cf8     =     48981     =
=     1fbab1dc6fcb14f512a40c5755708a8bcbf84f40     =     48982     =
=     8359b57f27bbc320c3c08035917d829b303ea850     =     48982     =
=     425f33000722f28462ad0b0e01ad2de686c2a00f     =     48983     =
=     114de5b59502e1764c14082e14f07562ad4e6a15     =     48984     =
=     9862e9aa98ee1e38fbcef8d1dd5db0e750eb5e8d     =     48992     =
=     23d38992fca13773291ca647220707bfb0636361     =     48992     =
=     a7e7bad1681e2607ba59855a3c9215df64b278c0     =     48992     =
=     99cccf3643f96892196578cb599ca91661a7128c     =     48994     =
=     34c2db9b562baffd30a6a2dda7d4247fadbf4acd     =     48994     =
=     5a339364f75342978cc3943f788037cb47ee529e     =     48994     =
=     f38526357e1423ab5712586dee40c1c728af526d     =     48994     =
=     37d42aae2e40354ee0c5e077f09c8aed5b3132d2     =     48995     =
=     e711d13af3e3bee1c6423c27eeb48ad4921d4fc3     =     48995     =
=     a6eb1ce6a989d01bb00e9749789b690744be506c     =     48995     =
=     208527a75dd9584e2715c0eebcfad8c730d0dfae     =     48995     =
=     55a9a16f1c02837058173c41fa26f36ec3acd22e     =     48998     =
=     1258396d73cf937e4daaf2c35377011b9366f956     =     48999     =
=     703f44e73c18a63a65499fedc57893ae0f413eac     =     49001     =
=     0c767ddcbbbddf79ae61a4b307df0115ced0c110     =     49001     =
=     fa0a9d715e7e35d4f597683c16b643343245fa26     =     49002     =
=     b6ca88ab9d7b3e15b6ba541bc581bf018c453537     =     49003     =
=     b5851bbc43dcf497189d16395dfa925d1562ee06     =     49004     =
=     a146ae55ba479a5c7aa2a6afba1b2b93102a152c     =     49004     =
=     e771eea6d8ca3caa48076367ee86c3b55249dcb3     =     49005     =
=     97458daade31c32ea8816b7e065e3bda3be588fa     =     49005     =
=     2d0b44126763f989a4cbffbffe9d0c7518158bb7     =     49005     =
=     d3e6d6bcdfb725a57f94330367e7b752036c7a2c     =     49006     =
=     9fe9d0461ea4bcc42cd75a30f013fa61b5407b93     =     49007     =
=     3e41ac35281827b59e55d51058cf6bb086c1f2b5     =     49009     =
=     26f2412d9beb1bfc88d0647b7b485aa526744fa8     =     49011     =
=     9f2a142b13a8fc37b811bc590baf847cc6be7ab3     =     49011     =
=     2b0bcfaf834e2fb7cd52888d7330b247e3878115     =     49011     =
=     620d540bd47a96fb6905fbbdd8ea5167a8841a3e     =     49011     =
=     b72c9121379a5de0c8be0d4e1a4a6b9495042621     =     49015     =
=     aa05e7caea28d9a7142ae89a38f8fa962695c687     =     49015     =
=     a517f7fcdc85000b682b91d4cb2ab602f6f7d050     =     49015     =
=     6e9fa57c6ddde7df49983251373a05cd663aac22     =     49015     =
=     9021a5dfb37fd3a6f7726f07ef0f27dcb71048e2     =     49019     =
=     fbb82a60dcbe820714a246ab3e7617eaf3a7b656     =     49020     =
=     0aeddcfa61250a6c474c4f8b3533772a63192f1b     =     49021     =
=     c828cd7cd0426dde10b07e7b68f3741a5ea91fc6     =     49021     =
=     c3ddb263315c7196b488f384b3bc82cd474c8698     =     49021     =
=     ccae4a1582efcad311d095a8e6832b2b67d5ed05     =     49022     =
=     921de151d2052c794cf6ad82fe76da92717577f7     =     49026     =
=     d979e7f56715d33d4bee0805d0a01ef83886117d     =     49028     =
=     68072bcfe1cea2c8026a76b01cdc4db3c1172d9c     =     49028     =
=     14f051a0ae3d752c50f419d3583e85fdf4c5bfc9     =     49028     =
=     b184e3ef73200cb3b7914a603b43a5b8a074c85f     =     49030     =
=     ea6114c6d0e31e3d6d8897d753afeadec33ddeee     =     49031     =
=     17e01abbb0fcba33b896dc3a1d0127dbb7321818     =     49033     =
=     9d5ac9532c58c8b2d10d5e8ee8029dcb40aecfbe     =     49034     =
=     43341433a88a6a2cd38c35359f48653e809b10cd     =     49034     =
=     e0a651945cb5a70a2abd9902c0fd3e9759d35867     =     49035     =
=     a4ccf06808422400a6a0673b452d388e95a455fd     =     49035     =
=     b9aec69ace2ae84b2b4494cc49725945805d5a29     =     49036     =
=     03b0e735556ed31c3e9096350e7a4563ea9d34b7     =     49038     =
=     6827cb3610fee4ec8cc120cc6b5bf88b04884ae7     =     49038     =
=     02a247e0fa23f2caa9c10df3adf3476eb9813c95     =     49039     =
=     f3cd81d6538e6295eaa279acd65ad10faeccd2ed     =     49040     =
=     5516fcc0c9dad543aee4c9bf849d759bb58a0644     =     49043     =
=     a5e3ac13d602173e2820e7f4399fa89e25db7821     =     49045     =
=     9fb80e3ceb66ae07d9ed9be133bf01f6d7116ebc     =     49048     =
=     2ed42bf639b12a2ec5bcc24ef5a45a1ca027ec95     =     49048     =
=     62d876ad1784bce2feb1b95cfff8aca0fbc3e1e2     =     49049     =
=     656b26055c713cb5623f26b415f6aeec6fb24c6f     =     49049     =
=     fae4772c24b89526f70c74fa14a85c5c16bced9a     =     49050     =
=     3c161d081e2d30549e787437d05ffa08122a5114     =     49053     =
=     8332f91cc0db4955259bca9f9138b5eff94d6e8c     =     49053     =
=     6f4d71ff9d5ac80c5ae2a309a487ccbdb360108b     =     49053     =
=     22c84afa773559279af928652a2d9f3489cc7d73     =     49054     =
=     a89db885e0d8aac3a9df1bbccb0c1ddfd8b2e10a     =     49054     =
=     f863ad0c59374ee8cc91dcae71ef60ceabc969f1     =     49056     =
=     5158c763f5af973b26dd1927956ac27b6171de5c     =     49056     =
=     7b8cc9b3458ec3f18b4d4d9ca2a72b6b3e3744c8     =     49056     =
=     4b6b848785314aa9b62475c520c04f675d6bfa71     =     49057     =
=     870063c83db6514b0cb637b86cadbc9f5c2270a9     =     49057     =
=     fbfcb2243941bc84b7585711feb906610f9111c4     =     49057     =
=     496dbe1855b486c39f42d673d56924d5f9ae3c78     =     49058     =
=     657da85eea3a5825b2dd25ff25b99ec206c48136     =     49058     =
=     fb456902758d1c9a36ebb1327e81e98e53c26df6     =     49058     =
=     6d4fb1d59e61aacefa25edc4fe5acfe1ac93f743     =     49059     =
=     ade44dcb16141c8a30ca6c56a1fd1a0b14dcc360     =     49059     =
=     4b45c6e52b208deff7da333d1c7f84bcd3986609     =     49059     =
=     61e72d761c945e128ca13599a98a187ac23650dd     =     49060     =
=     119ab03aea4850297b2a886f067ae74ab3fba86e     =     49061     =
=     69a3a9f5d9c018eee97b4127c40bc9903c03cce4     =     49061     =
=     895cba195a0c8430dcc8d1aa22b75eccaaee8f49     =     49061     =
=     6457615ac82d688a965c9b2cce9611e0559635be     =     49063     =
=     cbf6959fe8ff51730a397ea426075d547ec5d7a8     =     49063     =
=     c8269881093324b881b81472be037055571f73f3     =     49064     =
=     a535fe12f625f30e5e6b27d588403fe25a3ffcf3     =     49066     =
=     e75c5a794e71baa3d76214be3ac8dc6e082e4a1a     =     49068     =
=     3d3701ea20ca36215e3af5ac090797cfec5fca2a     =     49069     =
=     b65558328a9fcda5cef38857f9cc033c15ec1c32     =     49074     =
=     3e47caff4830d2a117eda15b57a5feab89b846ae     =     49075     =
=     6e3d015363ed09c4eff5c02ad41153387ffdf5af     =     49075     =
=     865b55ac8e32e9815d20b55fb05e66b61558cf6d     =     49075     =
=     98c9ce2f55609d00a06c2106df03a5a7e9dbfa75     =     49077     =
=     e22d2199e2a5cc9b243f45c2b633d1e31fadecd7     =     49078     =
=     7b9f8f7f03eda2faa1cdd42ed29a0b70e60eaf59     =     49082     =
=     7fa792d14d06cdaca18f225b1d2d8daf8ed24fd7     =     49085     =
=     35d8fa563c9abc80c6e8d87396ab48dbd1a4c78d     =     49086     =
=     71567a6f418ed1dc42d4c5ec57f72d3119b75966     =     49086     =
=     9a555706a3fb8f6622e1049ab510a12f4e1bc6a2     =     49086     =
=     effaf4dee90beff07bb40f21d81352304a5e8152     =     49092     =
=     3d8b2ec42bcb1cfe2f6f502ea8c6f098202a2906     =     49096     =
=     3fb2cf1ad19feaf6f7c571b49bd9e320eb4daf31     =     49105     =
=     00deac3ef6a1ed0645161341ca4eae63cac75d5c     =     49109     =
=     d577a69a0f3a56146f644fda010e7efb2c0e693d     =     49109     =
=     38186bfd4e5be7f212d8e460420e081e0ad852e7     =     49113     =
=     73decf5975ff1249c51baa0cb3956bb67fbd64dc     =     49115     =
=     176f85a28ec73b16f68a4f1737fb4645b9e9ae7b     =     49123     =
=     5951e840d9295bed554c267f51d7977b8f76b4bb     =     49140     =
=     04e381ff176060b7dbfe31a357101e42a2b32a96     =     49144     =
=     b04e5c12c27ec3a1811091bf55b27c99f61a939f     =     49144     =
=     54c010ab8079828630cb0258f8ea6ab5cb9bfce8     =     49146     =
=     e2ab7fb343b28fba997cdf4a26bb616c26783c38     =     49147     =
=     1755d4601231f96e9011abc3d2f40e7bd31320ee     =     49153     =
=     51227177b13b53ff5d6c77fd701f5172b6c1b358     =     49154     =
=     3aec886ed4af1ca945f5d10da2ce40e4538fe5fc     =     49158     =
=     c96548737363689e6444e424b39279e14c61c80d     =     49159     =
=     f0c58c3212d4796ea25d9baaea992bc5137fde34     =     49162     =
=     3c27208fab1dc29f47f088490404df5abfcdfb05     =     49164     =
=     f9e550341281b0d344f7a5e7ac2ace79f88a3184     =     49166     =
=     8fdc99cb5dbf1a79b106cc635c82f59956e39108     =     49168     =
=     8483a003bfca5fac61cda3daea4db2ca20d10ef2     =     49168     =
=     3b7a71b2f026702877d8cf4240996f71ae2ff55a     =     49169     =
=     1bfe73d500f6127e61fcf2ffcf9b60c41cd6484e     =     49169     =
=     1f644005ac5f84536c2a80480bf6fdbdf1239f39     =     49169     =
=     83f2695c318613cb22e11e8c5e5a7c9d89ceff56     =     49172     =
=     be4ba1b06c9532996f57246d5f46bc7c8711732d     =     49173     =
=     3cd3f0024bd432f5396979757a5cf075cc0955d2     =     49177     =
=     77076dc944f76e821e4eae3a6563b853ce00c0ed     =     49178     =
=     e8408681b3fff91b794a1a5c65fd190019d6e9ee     =     49183     =
=     7cafbb4bd373f024c4900dcaa71aaf626c2ddbae     =     49183     =
=     e6c5dbc8e82214f659d5b905d7b4a04a8d1faa8d     =     49185     =
=     afdd82fb567dbcd003108eb5faab82998d9fbf4d     =     49188     =
=     d82c27589b5f9e9128f1ae9fce89fadd03c1c229     =     49188     =
=     bfcdd4d098d12aa621fc5fc92030423f8df053ab     =     49188     =
=     fc7f190c732729c1d0eb9dcdb7ff05ed6b06056f     =     49188     =
=     c5ebfcab713a82a1d46a51c8c2668c419425b387     =     49190     =
=     049f5bbce3eebdf4ec2030042eb2ae64bb67aedb     =     49190     =
=     ba261f718b1828751ec8a88ee5592fa6436aa422     =     49191     =
=     6385ffd12d82ec9ef601100e1bdbd21ef240dc5b     =     49192     =
=     6546e9b2210c98da68f5a481ad81ebabad892977     =     49192     =
=     21e001747d4a246827ad432fc508d67ac404ecdb     =     49194     =
=     dccd20d1b55d15afdc80ad987ff37023d323dc42     =     49195     =
=     cb1d435cac2a9a7bd6019f9f23648c8075251109     =     49195     =
=     29fa0a1af45a1037850b29f5851f4a054124781b     =     49203     =
=     04f6b0fd9110c85c3c0d6d1172005d1c6755ac86     =     49210     =
=     2194351fdaab91cff94f921e633d46c9589b0d2c     =     49228     =
=     5c4328f04f63bc288d4e069e1453ab18b0309f16     =     49228     =
=     ca4a494cb7437a7af155361b0084de8329c0bf25     =     49233     =
=     f728254a840bf7fdd2252fe09e11a0e99c7df1d4     =     49234     =
=     44748efc8503b5efe3d9d5aab5c754e4e0d9a442     =     49234     =
=     e3e571925c40f4d9e0adfc7704e5df2057a13a19     =     49234     =
=     d35ff2c0ade0a12e84aaa2e9841b4983a2f3cf45     =     49236     =
=     b51bce942023325e727ca4225252d06c49d8f2b7     =     49236     =
=     d95466931ddf6f26f840ae3e42594924d25f395e     =     49237     =
=     47bbaa5b607f592009ed40f5678fde21c10a873c     =     49241     =
=     e968561d5e762e6c05e74541137916b4f20a144b     =     49241     =
=     124055a96e8533735b32e6af0fa7913c100ffad2     =     49242     =
=     65cbf983ca4f69b8954f949c2edaaa48824481b3     =     49243     =
=     05f0fb9f6acc34c82a082d7668572828925694e7     =     49244     =
=     b0809bc8ffb34bf89de9e68d8caeb4d8c2aa08f9     =     49245     =
=     4d60c7e10f1d7ebe34842f96e13b64db7fc2dc1b     =     49249     =
=     bc3686dfb031445c5af9a256a46a57dc1277a190     =     49254     =
=     af183984c3feaae693f4785be71dc1e098991d6f     =     49260     =
=     fb029cebaeb6b0dbdb05a26a515e38a52a3c0fa1     =     49260     =
=     4c42ebd2f39ee30bf44cd016a3a838ab2efe8c08     =     49262     =
=     0b58c6ad9e9651a83f2e25e98c76b1ee4fecaa03     =     49263     =
=     91d2728b38b1df930f337e163816a0fc9580b6a6     =     49265     =
=     063f1f0c693a10aab6a7227df15d4120ed824856     =     49265     =
=     8d1d0f4d9e20f825abbaf22f107815668e1d6b6b     =     49269     =
=     31001f813172f73e4a27300ef39fc45e2b372a38     =     49278     =
=     e7451ed137450e4bc6c4bec33bc9054bce443feb     =     49341     =
=     2c81e476fab0e3e0b6140652b4577bf6f3b827be     =     49408     =
=     d19a50c9fbd5750f6e75dcca508034e558df7276     =     49409     =
=     01b7851aa27aa144372f5484da916be042d9aa4f     =     49411     =
=     f93ad22f6adb00e722c130e792799467f3927b56     =     49413     =
=     9982cbbbf65473418661f5aa1f05e7ef88ada801     =     49413     =
=     b3e2272c59a5720467045e2ae62940fdb708ce76     =     49414     =
=     57e4e926da904677be06d29c4c756303be8293b0     =     49414     =
=     c84f7f4a7405d69be4227d4766290b0950122b3c     =     49414     =
=     75f648aa06933a5b5436d2ae4a764be68ab22c4d     =     49414     =
=     e3d0dae7cf8363ca462ac425b72c7bb31c3b4b7a     =     49416     =
=     d84a7b20e3ce61fc8eb4ea74b62579c803e0772f     =     49418     =
=     03cbd3b8fa0ceadd69cd41dbb2353e640ace40ae     =     49422     =
=     ef85320622bdc264ab2741d0461fa79a4934c93f     =     49422     =
=     984d6c6052169bcae8010de33f7796e455536d61     =     49425     =
=     3aabc1dd1c969e60bdea8f827d6645ff04c56b67     =     49426     =
=     8f463dbddd67eb86b4fdf49893132fdcc6d219bc     =     49426     =
=     a9732d04fa4ace9b4d86218e0818c47c68c08d4d     =     49432     =
=     dc29030ab67880440ec8fcff3a35b5c7bdca5c6b     =     49436     =
=     aabd49232025807babe995006a46c4c7815ce868     =     49436     =
=     df2ee0e27d2db02660c1d15fe6a3e38be9df0a60     =     49436     =
=     05e97f1d4f940c765e5c93771fe20820acca4438     =     49437     =
=     6e63c142f269c738e3820203ecec6fe74ad4efa0     =     49439     =
=     835911b845043817f4477252be4f5fec93165503     =     49440     =
=     5cf6abd805b9f15127f9f343a6e3b662565f93d5     =     49440     =
=     2869e79f421bb8d350500cddfd87fdf5d40cd4ba     =     49440     =
=     de17bd5d7f8286d8b1f0a04a3f8f5782033f5ebd     =     49440     =
=     52ee3ed3a11024ab6e11c5705da6c3ba17cf7d98     =     49441     =
=     1f143e08a5cde8e3fa6b5b80988bd6be7673428a     =     49441     =
=     28dc5d1963c96db99e3fd48418552a5a0399480d     =     49445     =
=     f4bd5de54459cc5f873807c7ed1f1b04b6e8d7e3     =     49445     =
=     329428708d6836676f6a7078aa2e2a1db9a1addb     =     49446     =
=     de8883e11befde31d9b6cfbbd1fc017c365e0bbf     =     49447     =
=     110f7b37de9feecfb64950601cc7cec77cf6130b     =     49447     =
=     310115448188415e270bb0bef958c7c130939838     =     49448     =
=     3149baf83cb703f060b1e6eeb440a45e010a626b     =     49448     =
=     a332635ea0ec7dab14d550c2f151bb4ea8c64f78     =     49450     =
=     47c9a1b5096be684c18335137284f0dfcefd12d6     =     49452     =
=     6f5c03032080aa35e2ad5765b7243b8c75305611     =     49453     =
=     9ab930b27d51a13362e6647074f13589a8ac004d     =     49455     =
=     3240e7cf5f651d9d94814b4d494fbe294e463b72     =     49455     =
=     f8e0a5573820bd7318782d4954c6643ff7e58102     =     49457     =
=     8976eb249aa4aae8c5c7a6f59a512cd22d2a9b8e     =     49459     =
=     4b72d5f80cd6f63329aa45936d84093c19e609d0     =     49459     =
=     b0700d2c8de79252ba605748a075cf2e5d670da1     =     49459     =
=     7281cbaaa73368b44b148948debd38b9b60271e0     =     49462     =
=     f0659bdb0014afda3585a837607331133b7bc6b1     =     49463     =
=     f3ae986218ad2269758f4994ffe137b8233dc0b8     =     49463     =
=     a469a6770a769ff88a077f4705134db9c89f653b     =     49470     =
=     2443030466c3715a9c48770022df72dab7acbb51     =     49472     =
=     f564acdaf5edc4ef4ce296221fd3ec4fd3276d1a     =     49472     =
=     b9908bf9b8d6d609736b537f4ecda720ff5dc078     =     49473     =
=     36e79832d33a5e5ec11a21071c4889ff25d47075     =     49474     =
=     90d9e49a4b2344a7a313eed70becb6cd3bf152e9     =     49474     =
=     009e9d99a325992096b6112c16b190e47fd1d166     =     49474     =
=     76af303761670cd54a93f1b196bcd7b2eaf7c29c     =     49474     =
=     473483d42db5d176946323ac390fcd3c80ea40e6     =     49475     =
=     a974e64aaaa8a6f99f55a68d28c07c04ecea2f50     =     49476     =
=     bf1605518a085256320ff4a36054445f842d5c1c     =     49483     =
=     699f1635242d509d0e47ca3132d1b5682a6a32b7     =     49483     =
=     748118a838bcb7b920c5e0bf389773544becc71b     =     49483     =
=     dee502be89e78e2979e3bd1d7724cf79daa6ef61     =     49486     =
=     e27f234a4147a7bd621d2a439c2cc2cc9a6a8382     =     49487     =
=     e20b47275109aafc559446d731e6baad4a1f55d1     =     49488     =
=     94836de2aeab65869caf2aa9a260114a309aaf0a     =     49488     =
=     5f3d93e4a336c590d7b56a889dde4a93b725e058     =     49489     =
=     c130dd8ea4d09cb708aac9e41bd25c2f5fa7ea38     =     49489     =
=     449e3f2601246e533a05ccf227375c1e15db2b55     =     49489     =
=     4fb6b0def17df98d6d16418b4b23dfde54a980ae     =     49502     =
=     49ae742398aecd81551d59f421e4116a5b8a4ea9     =     49546     =
=     5998e2903589e7b19e102ebff06521f2dcb60409     =     49552     =
=     c64359db8af1bf759f4496a01c93bac658decc7e     =     49552     =
=     7c8b53571698f32219a912e05bc71df4017094c1     =     49554     =
=     35bf6e05371de3aebd83dc630125a108ec4a5e70     =     49554     =
=     73999b62a27d9ac7c10ff27d79fd2bab97f97670     =     49554     =
=     a3667c316ae60ef454fb804221c3ca44af30a9aa     =     49566     =
=     a14e9ff713cbe7dbbba2aa667466490291cffc68     =     49567     =
=     07bbc92ccb96d48044220d2ed2cf818323baeb26     =     49577     =
=     826760945de655d2d2d387cac3a3646ced80977e     =     49578     =
=     501083049590455b1862edd7573fd51bb37bb037     =     49579     =
=     7638370ca6cb1d89eba5d891f522776b9da3d6e7     =     49592     =
=     6e59a892db781658c050e5217127c4147c116ac9     =     49595     =
=     fa0c23de83efaf92da17cffce12444adbca48c89     =     49595     =
=     361a1191279d5a801fa6cfe22d51ef17d6ab38ea     =     49604     =
=     252d6d3aa62dccf0dc826644b7da0b6bafa3831b     =     49605     =
=     32fd54a9a36c172cf4e5fe4b7af2ae1f1ce1bc0a     =     49610     =
=     44a27ac282ec2a419027383ce0ac6c7f304b1490     =     49610     =
=     74cabf3fef77ab73c45e27cf6ed90f6db020e7c7     =     49611     =
=     0ff2b9ac0b8b9cd62e20cd65bf4922b34f57a8c1     =     49611     =
=     f4da39d200a8c2068595b8d5bd5efb78af4224e1     =     49611     =
=     959ed5316c84d0e12ad18acfd40cefe15603ddfb     =     49612     =
=     3f43aecc599a5a729609deca7d98a677334ab3b8     =     49612     =
=     2db6bf6f856fc7a6e848e3c45b274b327a86784c     =     49615     =
=     dc0099e1dd013abe52d0ff4901e02cca030bec97     =     49617     =
=     e0a3a803d93dac94dfd8c7c54445be73f7572032     =     49617     =
=     079a1a9014b89661f0a612a5a9724ad9c77f21a3     =     49634     =
=     fe6ef2472db933f01b59cad82aa925736935984b     =     49635     =
=     7fecbf6f2150394bea7a3435b22cea129d05c9a9     =     49635     =
=     add2f5ca6dd174154bf2f2b63e3cfd8bf5ce5109     =     49635     =
=     e8dfb5bf8e525c9799820d01b2df5fde098a9c4c     =     49637     =
=     686cf15e9dfd3263ec05019f4b2b52253cdcf38e     =     49638     =
=     6140f0365311e6d08cdde63932c56ee741d9a605     =     49638     =
=     6f78b9e824c053d062188578635c575017b587c5     =     49640     =
=     1c86d8fd41458d35736ef5b04d7a76cbcf1a274c     =     49645     =
=     19c6d3ea2d3b4e0ad3e978e42cc7cbdf0c09891f     =     49645     =
=     2b2c78d4f0a73498739cfc0879299d7325c35160     =     49645     =
=     27949c353e68825f119410f8fd73ae1d667581c7     =     49646     =
=     68487a9b0631d27be9a1f4565e7e652ae9cb6aad     =     49648     =
=     46ddbcf2b4d6b7fd014cc40db578a5c3ed657149     =     49649     =
=     22a34c2fab39c38cac4a22a0e15ab9a1fd98f57c     =     49649     =
=     7f572e958b13041056f377a62d3219633cfb1e8a     =     49651     =
=     e7f0d9210c4a421e6306cd9a0c486c3e96be4d25     =     49652     =
=     41609361433d34f609ca841eb1bbaaf0feba1946     =     49653     =
=     28572b577c9a8fa41d85e1d2dce8afb2892464cd     =     49668     =
=     d2fa70d82b6e423baa472f0b3d75ef27d64a99c0     =     49669     =
=     5a6a1029d2a610188d4a3112aae1d7b55ce3f7e6     =     49670     =
=     768c53e1b615023b7eb4b2b5df2f0ab5fc3f4af8     =     49675     =
=     e44380a990a3edf1cd0c190c6459c8c026d53646     =     49677     =
=     2f142ada2c1f04c96c0c3db3ee3b6425934ad83b     =     49678     =
=     a22a7e70899a28fff4719d458e12f8bfcd457f62     =     49680     =
=     93972b8c72d5c074278654b3380a8215d741ea1f     =     49680     =
=     396d5fd091f68729f0a038a283fe3cca3eb670dd     =     49681     =
=     600fdc716f795674df68b487ab6e7b31165be4a0     =     49682     =
=     9689a6aeed4ef7a2357cb95191b4313175440e4c     =     49682     =
=     e113c9c59dcb419dd00525cec431edb854a6c897     =     49683     =
=     53e3189d0cd8a849b3d9b6e4037eb6523270cc21     =     49685     =
=     f517ffbb837ea02ac0a3a12d4094253ceb3946e8     =     49692     =
=     338f5727c88b1ce44a802c5115707309d6316fc4     =     49698     =
=     e6390acac925f952cfd06ccdbba0b273b8f71551     =     49698     =
=     714b2abb298552698d19818d42d6cc19ffdb7cf2     =     49756     =
=     30243c9523057a4f2d3cf57cc9206d87c2a54dfa     =     49756     =
=     1e8622297de2da7bcfe738d32ac84a396e7be0c2     =     49757     =
=     8c661f76b6ddc7bd5a0a9355ac317c36896bb08c     =     49762     =
=     ef5b2ba6fb112ea1e433952ed81030bfe9dcc3f4     =     49808     =
=     7236e3c8f78fbad0eedf8a78d783ee5d034f1661     =     49816     =
=     bd3602eb8948dcd3a03cb56fbfa80bb4ac569cdb     =     49888     =
=     6e73d12e766b81c91d255b1d5db8b110f5559544     =     49890     =
=     cf517a6d3d2548b1a79155df5c384f4a4b3924d6     =     49896     =
=     fb29bb5926371ebd4ba94be8dfa99b4f40f4dd7c     =     49928     =
=     180eec1666662b1c293cc5b466968021088d140a     =     49966     =
=     c8bfd40a92795b6cdfa81578719fc39f2c7bb5da     =     49968     =
=     7d711cbc335206327d1dbb0389d9ab83b461d4de     =     49972     =
=     1eb97c3ecd5a9c7faa9436d506735be0bd7c3b4b     =     49973     =
=     89313de5cb3536a59fadaccc48cb9fedb256bdbc     =     49974     =
=     970e7b5bf87a323f910584941bad12d28eec4c05     =     50071     =
=     f8d7d2d6dfeb64f6747dbf7dfec863cc8a16aee5     =     50071     =
=     7bb75a5d08fad1cebd8cfc153c92d1f0c9ff03a0     =     50073     =
=     f8d3ab49283ef6fa760da8b69aa5dfc4e83b0f01     =     50075     =
=     72bb2f64fc67dc644f302a07953900becced011f     =     50083     =
=     bd989745b7a4796dceff89d93b6b7ac1561c6227     =     50091     =
=     a76ba82ccbfee6df5aa86ba2a275b713f3e0f239     =     50110     =
=     601ab3151f4e17739465533fc159169f54f43a02     =     50116     =
=     a0be4fd17b1c7f5ab8f8e11c71d71a5dd20158f4     =     50116     =
=     7538cb82f941ecede9575aa04d401ffbe1dfb790     =     50117     =
=     f8137a62d94c0a5809a4363b7b4aab3adcb8201c     =     50117     =
=     278d6b3663da7f02f294481694e2bd909eb4672f     =     50119     =
=     22c21b60afb33bf32f91560e7c29c21588429420     =     50119     =
=     ac7f47dce13bf82d1279c0fe2affa07afbe81e06     =     50119     =
=     bd30091c9725bdad1c82bce10839f33ceaa5623b     =     50119     =
=     2872dbe1c46eceb20c38bc55a5fe2a4c4c52fe9d     =     50122     =
=     2ab9687479c10c4c4ebfdfcf6d068fe581bd44e4     =     50123     =
=     c01ff880d47392b82cce2f93ac4a9bb8c68f8cc7     =     50124     =
=     ba67253db19d0319f672d47aa359032e5e66d1b8     =     50127     =
=     981bd8a2f28c17f774ecb8b60233858fe52db502     =     50158     =
=     57be4444c645247d15428217e289ae36e5c3e6a8     =     50160     =
=     2c61a5eccad5085cab916c0959cb4c2fec16f9e5     =     50161     =
=     33eaf4c27e32ae163e1d36e7b4d8df28c2acb4f2     =     50171     =
=     7644a9aef8932ed4d1c3f25ed776c997702982be     =     50174     =
=     ff8428561a4fa89423862f532436a9b109369d53     =     50175     =
=     c99de0533debc8a6ed08b47b414bdea19457eafd     =     50183     =
=     31384753c770b2d77dd9d54a19145d25498cf859     =     50183     =
=     4fae386cb0563a0c05c2817a5ccb3c18e6d62d8d     =     50192     =
=     59b1696c0c752aeba67f40c91d6769afbc40469b     =     50196     =
=     e091c83e72d584e077526cac7972e83adc0c18ca     =     50204     =
=     a2074b92874aa5784874e75c969e95086010dddd     =     50205     =
=     1c9ed1d8a715e70c5e0d8c08f3a47e1a6fa9fd89     =     50221     =
=     80e0ecbf580e1455cdd6ccdb6f8f918295dca81c     =     50221     =
=     579415de5426b5b5e07b32c4ccffb7ed36facf9c     =     50222     =
=     33bed28b399adb42b33d9a23814a62096ab84cb4     =     50222     =
=     0b081fcd08e9501ad0ec86680df60e13789fef74     =     50222     =
=     b9b154d1cfc80d0992613713780a2bf8ee88da41     =     50223     =
=     e2b420fdd708e14a0b43a21cd2377cafb0d54c02     =     50224     =
=     ffaef3f1526ed87a46f82fa4924d5b08f2a2e631     =     50224     =
=     4fa52141b08fca89250805afcf2f112a2e0d3500     =     50234     =
=     d9b8b89bec4480de3a10bdaf9425db371c19145b     =     50235     =
=     7946ab33cecce60afcc00afc8fc18f31f9e66bff     =     50236     =
=     e29c73c93b88a4b7f492c7c8c7343223e7548612     =     50247     =
=     700b4a4ae7c2a89ca99bfe64baef1eabfa316136     =     50324     =
=     919ba009429b3617e975933f37a23be996a33b8d     =     50324     =
=     73241290bc15d708bb9ec8bb48891df1e5485e3e     =     51952     =
=     90edbfcce3b84287332ac77f19993cbc18effdef     =     51952     =
=     dae00d631fdaed48d88c454864abbd6ce99c63d6     =     51952     =
=     0cd0a820abc6124cf8e176fa92d620a2abf9e419     =     51952     =
=     bd01f6498c2c5007df64ba88c5d88ff15b0376cb     =     51953     =
=     ad0f926c9c556b5369ce98aa128e4db4463ac12d     =     51953     =
=     888db7f224fec4ead34c32e82fa591dea61d14a2     =     51953     =
=     2c4a056f59a6819b8a0d40e3a7e11cf6d35b3e88     =     51954     =
=     e30dff9ee2b79bd62a2563f74574c635d716b56f     =     51955     =
=     6f0cc2a6f8a7da5b68e5665589f307683a9a85f4     =     51955     =
=     f6ce429084155b027a48f6426f6ff216debd3b5b     =     51956     =
=     2d5724aa21579184d78cba901c1099b67d649f9a     =     51956     =
=     13f74c66ce83cc554ed29f88706a3176a1788f45     =     51958     =
=     2b91da968cec55de9d6db464c8c938d2930832e9     =     51958     =
=     7d7da288b81aea19622ea1820722ce869fbe0364     =     51958     =
=     d485806092ec0ac583ac0cf59ce74dd1d2ece929     =     51958     =
=     255cf605d67e72b73e6130d4c7bbe68c0eb22d8e     =     51958     =
=     12eaf3b8496f5e3578414202f7d26dc5cec2ee9a     =     51960     =
=     5584f65a1027b06fe0cfc4be28d1a232cf180e42     =     51962     =
=     3470795171b8aecd4dbc86061600093b86b23c0e     =     51962     =
=     009951d24da57089072949f84acc5c906b15fe71     =     51962     =
=     4300aaf3512167c6759ba1feedcbb28e4ba8413a     =     51966     =
=     30b967651c1d01562087d65a28707678125d731a     =     51969     =
=     e417070c9f2162594e8289aed93bd5801e70e60d     =     51971     =
=     2a7de0fd5d9baf946ef4d2c51096b04dd47a8143     =     51975     =
=     6670d55a847f8f2415842bc085150e838d4aac5d     =     51976     =
=     cda3ae5bd0798c56fef5a5c1462d51ca1776504e     =     51982     =
=     b4b576d3b7c6ab57f419015d4d49846278ddd0d4     =     51982     =
=     82af00fbddc7b48f292e8e278eebb57a192c549e     =     51984     =
=     1d454d58a80971eac941911965e894fdf1621cd8     =     51984     =
=     6a571a18dd4381940d61a3c2f0d65d2b6515c693     =     51984     =
=     472f727c5510b95dccb1751147016ab09d1c7897     =     51986     =
=     dc423f898e7d15913d31fee311502239d4167266     =     51990     =
=     fa3a84422dac112fa68eebb29d14df9c1d7acf00     =     51994     =
=     82643254d6d85e7875dbba0df85cea8751b1c3a0     =     52000     =
=     c8f717fe87632b3a29ad5d82718df28209ba72dd     =     52012     =
=     cf3404fcc77aaf592c95326cbdd25612a8af6878     =     52018     =
=     fd809cfdbd6e32b6b67b68c59f6d55fbed7a9327     =     52018     =
=     d3b64b89eda1dc040bf3c06764a6832acfd4f4d1     =     52021     =
=     ebad0b0beb1bb6913524549514111cbb91e6d494     =     52021     =
=     6b44f2597e9ab5fc606426e463b491f857696253     =     52032     =
=     ac94c8fdb9e8a36e616c80fa8c4aadb455144019     =     52032     =
=     98370c2dd7dc32cecd7bb7d940383846fa435f25     =     52032     =
=     9267c11bb5d408e43482173794f08a3c8472afba     =     52035     =
=     1dcb8ca2a4aa71964105b24fa7c6254a58b7ad35     =     52035     =
=     54f24e3ed411b19a3647a0aa114b0ea20421bbe7     =     52038     =
=     14f4656058e8ddbcf1d510bc73670250ed0e10c0     =     52038     =
=     c8223538cb05e5aac6418a5ba6dc4775b7ab486b     =     52040     =
=     eeac54ef6d7eedd42a97025ddddaf06777be3c6b     =     52041     =
=     d0ba7bc8a0d577c73b942a99faa266f392e7f211     =     52041     =
=     687b48685931638ca5fca2a7d5e13516ad40ea4b     =     52042     =
=     3c82e437bb3af822ea13cd5a24bab0745c556246     =     52043     =
=     f430ba31ac81f27f0014320fee335d2dc4562a95     =     52043     =
=     a6211814c4c6f29358f29f639d468387b01518f8     =     52044     =
=     1aca3618ff86358c659c856b10e2270c3d4230d2     =     52045     =
=     24bf6f3c7fccd91b5a9d3ab722c712ef4b0530f9     =     52045     =
=     e0685d2473a88056e848900abaec3e19b8a447d3     =     52047     =
=     6f4a6a5cd472d56937a8e9d6665e7c9cc6b1b2e2     =     52047     =
=     02e112a88579ff2592f34015f73dc85f4ed76ad5     =     52049     =
=     9d22666eb89af7f4ca5c3d52490b7da89276cf90     =     52049     =
=     453bff226796f52694f7189c141c33a996458636     =     52058     =
=     533bf1df55057eb2bb3dc3306d34153414a4dc4d     =     52058     =
=     c0c9c0c026d9676c9ebb6f5b0b900b8c3fac6673     =     52058     =
=     fb5b14b420a0bff6e3f756ec4879644b6d5622c5     =     52058     =
=     dd850bcb395753a130a5d69697092d69555b6e2c     =     52068     =
=     c2d551c01930df54bce6517cfecd214db6e98e80     =     52074     =
=     f1f5ee17b64397eecfde39960ca11e94064297bd     =     52075     =
=     91da5e7710ba9cd36c5aef0a8056d5a0eb8bf524     =     52076     =
=     e57036f2bf810e807700c80d8ff4f7d100890100     =     52076     =
=     4aed8756d86e2b934e83d916e57bee91c83c4b28     =     52077     =
=     5534c16a871523e385f328abe5f1fc520329e6e4     =     52079     =
=     21dcbebc6e35419f1842f39a125374ea1ba45693     =     52098     =
=     54478ac92a91ad974f1c19c3d225683bd5c75b45     =     52105     =
=     5bd5dcd49605ca2aa7931599894302a3ac4b0b04     =     52106     =
=     6ddbb4cd92ad8c9ebf874e5d9920c122696b7477     =     52109     =
=     b6cff313cbb1d0381b329fe4f6a8f009cdb270e4     =     52111     =
=     5ae4ceb92c2ae6c677b1de2c477dce71a4d94716     =     52114     =
=     d166ed8c11e10e9fdaeac182effb9dd318843924     =     52119     =
=     02fb7cfeb2467a9644fd97da2c2788d9d270eb00     =     52119     =
=     569d0646096e6c7e07b9b89b04204eef934c3b69     =     52121     =
=     52832e470f5fe8c222249ae5b539aeb3c74cdb25     =     52122     =
=     c76a4aead2660f417608eead5cdff81f04021220     =     52125     =
=     bc776510982b3768761d32c1160e79cb45a561c3     =     52127     =
=     384a5d25b152a1a7e5a8f0c63eba08ed727f4c55     =     52131     =
=     05ec6a25f80ac8edfb7d7cb764d2dd68156a6965     =     52131     =
=     bbba0a7dffdf3332ee24251bf50e264e27979a51     =     52133     =
=     872759053b3990dac362c1fa561fc127e1de5924     =     52133     =
=     c2e4e5d248567d4eea5bf6d525bdbcc09099ba6e     =     52137     =
=     4fa88861eed81915f45c48d4ebd7b5bf3a51963b     =     52137     =
=     276fa9bda99d12666441277afa39f81ae374437d     =     52138     =
=     f3e235ed6faa82170d857fdec3287558eb906c58     =     52138     =
=     e8aa8b6c8f6d4e2b2bbd5e5721d977b0a6aa3cee     =     52140     =
=     c106eaa8ed7c24900e4367fc85cae1a77bc4e5ae     =     52140     =
=     963f043d04206ae9e4d484eee37a3ebd5a3aa701     =     52140     =
=     a5a3722bc185b2baaaa183dcaafaf17b3d07a5fa     =     52141     =
=     8cc44d970ced1004db0727d7a7b3e2709c442e55     =     52142     =
=     f75b34c8c81d7277fa002120d4c8dc36c39d1ff5     =     52142     =
=     69588edbaa424beb71c6a9b1be416588232cb78c     =     52198     =
=     9961cb77684aa26fe7302e691b7d16e53432a625     =     52199     =
=     25d57dc71b7b2d024588eb3831a73cb32fc069bf     =     52200     =
=     c17dd597ac5ac687b4cc7b585d7f8fb0cf987a20     =     52200     =
=     c1054bb4d2a2e730d8ecb25037904f7d9a7f137d     =     52200     =
=     0aa25a68c0ce8e8a01de630c121a35a2634ecedc     =     52202     =
=     e83f154f6c19f557251676d9008c75f89f9f5d4a     =     52208     =
=     dbf89a9b94b1ad813370577388b5ac692499a51f     =     52208     =
=     08275a29c10b23a5f38597d58f823c3ccb9540ab     =     52208     =
=     fcb318c64b8c3ff24ec36f99797880386bed5867     =     52208     =
=     4591e5fb4168eb81d198a236d265d87256bf67c1     =     52209     =
=     7569362ebb3fcc3a0d417978d36dd26f69194d33     =     52212     =
=     fdaf7beec52cbe67332f2e5ad3b4f383153dbeb6     =     52212     =
=     84de54b91e65b02cc8b572edc11536d271c7187b     =     52212     =
=     a6a283b394ef80aeb0866143d71f49bf2aa3e901     =     52212     =
=     333ed02c8a912f7c8b7dcf7ea8f1ff10e7a006c0     =     52212     =
=     739a1eb1961cdc3b1597a040766f3cb359d095f6     =     52213     =
=     05dba8151bd418cdc111d62102aaf9f4e7bd2f3f     =     52214     =
=     67c93e6d9f3e099f3120bcc48cfd0c190364d628     =     52217     =
=     c7d13c138c0aaaa6bff867b5137cf1e74950f53a     =     52218     =
=     ceab33e2cfecbe57762e06576d2dd124c0424336     =     52219     =
=     1060a50b6d70cf801e08c6b97835397d1c222af9     =     52269     =
=     0a5fe2eb94ad7085fee59c3908b546af7530c9d3     =     52272     =
=     9d7bfb14dd22c372d6583c20583cbf9aea4cc033     =     52274     =
=     3067095e8a2cca3d33fa0af77788bc45da68b76b     =     52274     =
=     4c4a2f670b84394e4675991d805c97547f1af647     =     52276     =
=     fe0169b09717b3c3d52c0fba96e1dcf5e8a60d94     =     52276     =
=     0946a19886b0e7b8213db6559eb8b8eb63fc1503     =     52289     =
=     3c8537765cdee4d4a81b11246dd7d1b8a09f0126     =     52290     =
=     4a9a0d9bcb6259124aa012b50540c298689fdf41     =     52290     =
=     22293ea1cc3c6b8eef16d75b7a63242c8b3375c5     =     52291     =
=     1421aeadd757e0c564314ba62521979d08884ccc     =     52291     =
=     65e2d672548e7c4bcb28f1c5c835362830b1745b     =     52291     =
=     ba1a1c3783bec68830da3a375b581afc73226ff4     =     52291     =
=     83151b73a4736bca1797f8edc2b0ad4cf7ac9146     =     52294     =
=     ef8938c3e8609c40e2bad1a1d72c77fc22c06f2c     =     52302     =
=     81dd99902869c666932ece1e5a39d3b18f2f4b04     =     52303     =
=     2f554efe20d1fe05b242f41f593362965ae89912     =     52303     =
=     b26ab17f3d3f56be57000e99b8ad94a4e90197a6     =     52303     =
=     5d8d9a8efaad0ece23f6692f1b1318744230fd4d     =     52303     =
=     f48ebf9f4cc5be2624389583be19f1c8895be194     =     52305     =
=     cfc5e0aa739abeb8861d2127ca31addcc1149a3e     =     52306     =
=     924212a67020be9ab7a62af6bddd9d4db2635ffc     =     52306     =
=     c47ba4e96c7aa9c2f741f8c89b6440ed2c13b91c     =     52334     =
=     20fc103f782bb0bcd41d211c6423187b02146b9d     =     52337     =
=     412c8507ee61aeb1fcac4b6e84cd7e6501789124     =     52339     =
=     6025001707fd65679d758c877200469d4e72ea88     =     52342     =
=     1ccbe6b32c98f61526e364c7abc94f55ec600293     =     52342     =
=     032924c4b4104654ff8659b4701e4ab25872a12e     =     52344     =
=     a6f5d614c53aaa58595af4998228e82404132739     =     52345     =
=     5898b8eb87e464b80153cae3424f4d283cb841b6     =     52347     =
=     3663990760f9e414c50f3a73fa7276b4b528ef41     =     52347     =
=     446dffa7f6abf5400adac9c7814440b5af3b7edd     =     52347     =
=     739fe504e81666e4bd24a5b76d07dabf500d4b73     =     52348     =
=     f67cbb74437842a0f88f84f43a0faa968ca77b35     =     52356     =
=     4950f8885c8384b945a7a801f47319b9e29344e6     =     52357     =
=     e92813234318635639dba0168c7ef5568757449b     =     52357     =
=     59bf0f031fdbf8cb2f5371e6f32478e1bb05bd78     =     52363     =
=     a1bb7708cec057fe07d987398015c01e6090891f     =     52370     =
=     5d6aaf8a9d0c5ad71a4cb5e4bfc3c2fc29f782ba     =     52370     =
=     11c68ceaa6bd93f4c2de4ae34bb1852729447d45     =     52378     =
=     17ebf85abda18c3875b1ba6670fe7b393bc1f297     =     52379     =
=     2ecb9f2d18614fb7b7b42830a358b7163ed43221     =     52381     =
=     bb2f62bababe1e735efe828bc9a467b967c8cd20     =     52383     =
=     48593cb12afc9a8b9de8b3e25ee1097c4f6fe90d     =     52387     =
=     b2e57e094db5f516cffa6f2749615a7287a7681d     =     52387     =
=     fddfc0afc84728f8a5140685163e66ce6471742d     =     52399     =
=     0c8006480f2d5e4999726ab4161b173010bea13a     =     52403     =
=     ac4e257747075958d37665f327bdf685dd2478ab     =     52405     =
=     6eabcc839f381bf07d004869ca8fe855edbb4846     =     52409     =
=     79613ea8442a309b76a737eacb2a69f612cc5f06     =     52409     =
=     245c6bc33b1481052f347f316cec16888aa1be85     =     52409     =
=     5e6089f0eba7b12f21b3237c57f2bd56049eb1ae     =     52410     =
=     8900f3e3982a016a25ad87a2270446e780038ec9     =     52411     =
=     5ebd2fcbc76c8b777d044f25dd50d73d75625352     =     52412     =
=     8adc1cb8510a9f4beab9e53f53c9690d2ced12fd     =     52412     =
=     8d00e30f96fb86b20bc992f626b188c3548fc58c     =     52418     =
=     59b4da05b4072df79e85b5f8bbf4cf049431b9b6     =     52419     =
=     604f6eff31a3837abd3d96a2a41a3b269df757c4     =     52421     =
=     095d2f0f8a11f8785eb8451dd8eeee60bebece20     =     52425     =
=     11222483d75c1e18fb53fe71b9a86fcfdb6d0725     =     52427     =
=     60c25873699285731cf3f2f5b6e5ade739e8862a     =     52427     =
=     68c12bfc6601d40e85146f36f26fe8ff0472f36b     =     52431     =
=     7f35b7d9c5f41cac834c9fe20a16757adbd06535     =     52432     =
=     1fb9fdc3027b27d8eb6a1e6a846435b070980770     =     52432     =
=     28da14555f09f1d523b8b7277529fb80a1383e85     =     52438     =
=     568ce3a583a17c33feacbf5028ece9f7f0680478     =     52452     =
=     bf932fbd4a2385496fa5e9363bf9280fc6fba0ad     =     52453     =
=     8b8d963db5bb619fbada014f294fd09a855a2650     =     52454     =
=     0b7347effee58f5a19e4724c4b277635727c20d8     =     52455     =
=     5a7ad1f08bfccbdad0f20920f9c284bba036fb70     =     52456     =
=     efa00a46c5cac115654a4e00b8e2ec3533ebe739     =     52462     =
=     63e27d4d0f3ff698013dd8f5c5b71f923366c288     =     52462     =
=     1194ea8dc3b51a35c9947ed276f38436abee5743     =     52463     =
=     9ba6f347fedbe103a06c8fd303912b358eacb11c     =     52465     =
=     9e6b2f54e449009c6dc11e8860d125d967f3a3ed     =     52465     =
=     b4a986163cca7cf3abc30f178ce6c61ad79e3002     =     52466     =
=     ea4b7ded521134492a323b6b0c27e671cadca979     =     52467     =
=     5edcadb12770744f912512054c9458c096aab6b7     =     52467     =
=     b799aef863a81c9a9d5dbffae12cca912ae348b2     =     52467     =
=     156e34f21d15ba5dbf0995ab57bc7214ba291b05     =     52471     =
=     4a7b3a7b4d01ce1208bc4465a4e7bd5be9401ad0     =     52471     =
=     c2efa78309e39019642f922b2babc1fd35f68768     =     52472     =
=     2c7b4dbc1af9cfae4e4afd7c4a07db95a1133a6a     =     52472     =
=     4588cb4443552f1d251a637b48f39d891051ee1c     =     52474     =
=     81f9ce1e1965e0e33db6d2391285c4c1b6af0434     =     52474     =
=     af58be768ebb690f78530f796e92b8ae5c9a4401     =     52475     =
=     15e6be6c5c518f3b1594a2370638d5ae4e9742d1     =     52475     =
=     35da893f86a40d3711ed785bd8777c18238aee45     =     52475     =
=     3c106325292d30fad32b0dd4cdf2f2ec613461b1     =     52476     =
=     e12c0beb5a652ba0c3a71e633a77fafbb4f86aa4     =     52477     =
=     a671b3e64abe782d37c705ae51e93f2013672f9d     =     52478     =
=     83ae4661315d3d0ad52ddaa8fa5c8f1055c6c6f6     =     52479     =
=     cdb2a60347f988037d29adc7e4415e9c66c8a5a5     =     52481     =
=     2171a071aa16780962071e93c5c24ff148195c98     =     52482     =
=     56501ebd09316941a6deba111e33ccc166641b25     =     52482     =
=     cc59ad1073c49cbb173708d7377df06ad3786f4c     =     52483     =
=     a026fbf977ccac5c59597c9b2e1e1c288d0b1b69     =     52483     =
=     609b0852e4d50251857dbbac3141ba042e35a9ae     =     52485     =
=     5923ad4bbe5d13c2fcc11f7849594db838ea57bd     =     52485     =
=     2df7f11fad886cf54c98a17e95932d9b5987f488     =     52487     =
=     cde6145ba19a2fce039cf054a89e49f67c623c59     =     52487     =
=     bf9d5e483db0683178f43ef74a4ae6577482db83     =     52489     =
=     9f5466b9b86607bb62239873e6be2de1fe9f71fb     =     52493     =
=     0fe9123687096b6ec7c3c4337095c6e4a94e9867     =     52495     =
=     875e3f934e8586039e79efb6ed1262c80803aa42     =     52498     =
=     d07aee2c7a33e77d97d8e13811af3637e3849cb2     =     52511     =
=     42c6046064d2ee45d59baec53bedde4ea434294f     =     52516     =
=     f42fd819d60c5ebbcfd7bff6173b89664ab2fde1     =     52516     =
=     98e553d2ce31e2179be68d6a60b5bec765cd9768     =     52516     =
=     3befffa39dbaf2688d823fcf2bdfc07d2487be48     =     52517     =
=     4e3973b457d42172711e2c556362826b02c44169     =     52519     =
=     7bf79e33c94545eb3d67f142ce2dcc974c4dc79b     =     52519     =
=     b50052dbe822271c9d7b2559a38a127fca87e4ab     =     52520     =
=     582a17d662d123eafbb70c9eaaa140a2559b7cdb     =     52532     =
=     045bd04706d2a798d5fb4b3ccf7fd56e6e09b082     =     52534     =
=     7dc60ba7c8314109a1eeef3c801c8c41a7ebbeff     =     52541     =
=     6c62f9e1639a7d1a879f363a99882920104dfedb     =     52544     =
=     eda757514ea3018c8510b4738b5e37479aeadc5e     =     52545     =
=     5d71f7ea291761777a2b2a84f340ffb38b3ea14a     =     52547     =
=     d02ef3d0be3b2cb1e6b3905ad26fc03ec261b317     =     52547     =
=     7ee8627f6eb7cf63b34d2701d76bb66f6db811e5     =     52547     =
=     608a026494c1e7a14f6d6cfcc5e4994fe2728836     =     52548     =
=     801cb720ade8a8fd312bc36f09f92c026e9340df     =     52549     =
=     1ab3836b3bb8ccfa4da7ce529d420e750cd56b32     =     52549     =
=     d2139cf8dffcfe4a936ef55d25f769b162a8c603     =     52558     =
=     619d8336d00fe19bc694e61e772b5838d7e422e5     =     52562     =
=     b5b253b1bfe55d0d1be4c45dafed8d789ab97c17     =     52562     =
=     b97667ce679d439a5620c326e0e9fefea3186bdc     =     52563     =
=     de4d764e3271ce09d28c0d6d7bce3dc9d8b85ab9     =     52581     =
=     b612799a80af398040efc2416e0d09dcb0da1cf5     =     52582     =
=     af5474126546b558b0e6f8be4bec4b70977e24b7     =     52582     =
=     1871a5aa8a538c2b8ac3d302c1e9e72867f5ee0f     =     52597     =
=     333c2e43729a92cf37d4bd12d6a3531b4bd7e1da     =     52597     =
=     d2c27a28c068188c1bda5109d228d94f868d06af     =     52598     =
=     1fa9ffd934429f140edcfbaf76d2f32cc21e449b     =     52598     =
=     b1834ad781ee445f5f580e5dcf4792b96ae08d1d     =     52599     =
=     d7c42d71ba407a4b3c26ed58263ae225976bbac3     =     52600     =
=     0f1e51ea115beef8a5fdd80d5a6c13ee289f980a     =     52602     =
=     94ed2c6739754d13306fe510bb8bc19c2ad42749     =     52604     =
=     beacb0f0c1ae7b0542fe053b95307f515b578eb7     =     52606     =
=     e304d3e20f45243f9e643607edfe4db49c329596     =     52606     =
====================================================================
